******************************************************************************
                  TI ARM Linker PC v20.2.7                     
******************************************************************************
>> Linked Mon Oct 10 04:28:40 2022

OUTPUT FILE NAME:   <network_terminal_CC3220S_LAUNCHXL_tirtos7_ccs.out>
ENTRY POINT SYMBOL: "_c_int00"  address: 20021bd9


MEMORY CONFIGURATION

         name            origin    length      used     unused   attr    fill
----------------------  --------  ---------  --------  --------  ----  --------
  SRAM0                 20000000   00004000  0000070c  000038f4  RW X
  SRAM                  20004000   0003c000  0003096b  0000b695  RW X
  LOG_DATA              90000000   00040000  00000000  00040000  R   


SEGMENT ALLOCATION MAP

run origin  load origin   length   init length attrs members
----------  ----------- ---------- ----------- ----- -------
20000000    20000000    0000030c   00000000    rw-
  20000000    20000000    0000030c   00000000    rw- .vecs
20003c00    20003c00    00000400   00000000    rw-
  20003c00    20003c00    00000400   00000000    rw- .stack
20004000    20004000    00028530   0002052c    r-x
  20004000    20004000    0000003c   0000003c    r-- .resetVecs
  2000403c    2000403c    000204f0   000204f0    r-x .text
  20024530    20024530    00008000   00000000    r-- .priheap
2002c530    2002c530    00003a14   00003a14    r--
  2002c530    2002c530    00003a14   00003a14    r-- .const
20030000    20030000    00003db4   00000000    rw-
  20030000    20030000    000027fb   00000000    rw- .bss
  200327fc    200327fc    000015b8   00000000    rw- .data
20033db8    20033db8    00000c78   00000c78    r--
  20033db8    20033db8    00000c78   00000c78    r-- .cinit


SECTION ALLOCATION MAP

 output                                  attributes/
section   page    origin      length       input sections
--------  ----  ----------  ----------   ----------------
.resetVecs 
*          0    20004000    0000003c     
                  20004000    0000003c     ti_sysbios_config.obj (.resetVecs)

.text      0    2000403c    000204f0     
                  2000403c    000012f6     transceiver_cmd.obj (.text:TxTask)
                  20005332    00000002     ti_sysbios_config.obj (.text:BIOS_nullFunc)
                  20005334    00000ca0     cmd_parser.obj (.text:ParseCreateFilterCmd)
                  20005fd4    00000a4e     rtsv7M4_T_le_eabi.lib : _printfi.c.obj (.text:__TI_printfi)
                  20006a22    00000002     ti_drivers_config.obj (.text:Board_initHook)
                  20006a24    000008e8     simplelink.a : driver.obj (.text:_SlDrvMsgRead)
                  2000730c    000007c4     network_terminal.obj (.text:SimpleLinkWlanEventHandler)
                  20007ad0    00000658     cmd_parser.obj (.text:ParseStartApCmd)
                  20008128    0000061c     socket_cmd.obj (.text:drawRxHist)
                  20008744    00000578     cmd_parser.obj (.text:ParseRecvCmd)
                  20008cbc    0000050c     transceiver_cmd.obj (.text:RxTask)
                  200091c8    00000508     socket_cmd.obj (.text:TCPServer)
                  200096d0    000004f0     cmd_parser.obj (.text:ParseSendCmd)
                  20009bc0    000004bc     simplelink.a : sl_socket.obj (.text:_SlSocketHandleAsync_Select)
                  2000a07c    000004a8     cmd_parser.obj (.text:ParseProfileCmd)
                  2000a524    0000048c     cmd_parser.obj (.text:ParseConnectCmd)
                  2000a9b0    00000478     netapp_cmd.obj (.text:mDNSQueryCallback)
                  2000ae28    00000474     socket_cmd.obj (.text:UDPServer)
                  2000b29c    0000045a     socket_cmd.obj (.text:TCPClient)
                  2000b6f6    00000002     drivers_cc32xx.a : UARTCC32XXDMA.oem4 (.text:UARTCC32XXDMA_init)
                  2000b6f8    0000042c     driverlib.a : prcm.obj (.text:PRCMCC3200MCUInit)
                  2000bb24    000003fb     socket_cmd.obj (.text:UDPClient)
                  2000bf1f    00000001     --HOLE-- [fill = 0]
                  2000bf20    000003f4     cmd_parser.obj (.text:ParsePingCmd)
                  2000c314    000003e8     wlan_cmd.obj (.text:cmdWlanConnectCallback)
                  2000c6fc    000003ac     wlan_cmd.obj (.text:cmdWlanStartApCallback)
                  2000caa8    0000039c     wlan_cmd.obj (.text:printExtScanResults)
                  2000ce44    00000384     simplelink.a : driver.obj (.text:_SlDrvMsgWrite)
                  2000d1c8    00000334     radio_tool.obj (.text:radioTool_TxStart)
                  2000d4fc    00000320     wlan_cmd.obj (.text:cmdWlanStopApCallback)
                  2000d81c    00000320     wlan_cmd.obj (.text:setP2Pparams)
                  2000db3c    0000031c     simplelink.a : driver.obj (.text:_SlDrvReleasePoolObj)
                  2000de58    00000310     network_terminal.obj (.text:DisplayAppBanner)
                  2000e168    0000030c     wlan_cmd.obj (.text:cmdEnableWoWLANCallback)
                  2000e474    00000308     network_terminal.obj (.text:SimpleLinkNetAppEventHandler)
                  2000e77c    000002e0     simplelink.a : driver.obj (.text:_SlDrvWaitForPoolObj)
                  2000ea5c    000002d8                  : driver.obj (.text:_SlDrvRxHdrRead)
                  2000ed34    000002c4     cmd_parser.obj (.text:ParsemDNSAdvertiseCmd)
                  2000eff8    000002bc     wlan_cmd.obj (.text:p2pConnect)
                  2000f2b4    000002bc     wlan_cmd.obj (.text:printScanResults)
                  2000f570    000002b8     netapp_cmd.obj (.text:mDNSAdvertiseCallback)
                  2000f828    000002b8     simplelink.a : wlan.obj (.text:sl_WlanProfileAdd)
                  2000fae0    000002a4                  : wlanconfig.obj (.text:sl_WifiConfig)
                  2000fd84    00000284                  : wlan.obj (.text:sl_WlanConnect)
                  20010008    00000278     wlan_cmd.obj (.text:cmdConnectedStationsCallback)
                  20010280    00000274     wlan_cmd.obj (.text:cmdSetPolicyCallback)
                  200104f4    00000268     rtsv7M4_T_le_eabi.lib : _printfi.c.obj (.text:_pconv_a)
                  2001075c    00000260     cmd_parser.obj (.text:ParseSetPolicyCmd)
                  200109bc    0000025c     simplelink.a : driver.obj (.text:_SlDrvDataReadOp)
                  20010c18    0000025c     wlan_cmd.obj (.text:cmdTriggeredRoamingEnablecallback)
                  20010e74    00000250     cmd_parser.obj (.text:ParseEnableWoWLANCmd)
                  200110c4    0000024c     netapp_cmd.obj (.text:cmdPingCallback)
                  20011310    00000244     wlan_cmd.obj (.text:cmdSoftRoamingEnablecallback)
                  20011554    00000234     network_terminal.obj (.text:mainThread)
                  20011788    00000230     wlan_cmd.obj (.text:cmdP2PModecallback)
                  200119b8    00000228     network_terminal.obj (.text:ipv6AddressParse)
                  20011be0    00000224     simplelink.a : driver.obj (.text:_SlDrvDriverCBInit)
                  20011e04    00000218                  : driver.obj (.text:_SlDrvDataWriteOp)
                  2001201c    0000020c     drivers_cc32xx.a : UARTCC32XXDMA.oem4 (.text:UARTCC32XXDMA_open)
                  20012228    00000200     network_terminal.obj (.text:initAppVariables)
                  20012428    000001fc     uart_term.obj (.text:GetCmd)
                  20012624    000001f4     simplelink.a : driver.obj (.text:_SlDrvMsgReadCmdCtx)
                  20012818    000001f4     wlan_cmd.obj (.text:setStaticIPConfig)
                  20012a0c    000001f2     simplelink.a : netapp.obj (.text:_SlNetAppEventHandler)
                  20012bfe    00000002     rtsv7M4_T_le_eabi.lib : _lock.c.obj (.text:_nop)
                  20012c00    000001e8     simplelink.a : netapp.obj (.text:sl_NetAppPing)
                  20012de8    000001e7     network_terminal.obj (.text:SimpleLinkFatalErrorEventHandler)
                  20012fcf    00000001     --HOLE-- [fill = 0]
                  20012fd0    000001e0     simplelink.a : device.obj (.text:sl_Stop)
                  200131b0    000001dc     ti_sysbios_config.obj (.text:ti_sysbios_family_arm_m3_Hwi_excFillContext)
                  2001338c    000001d8     wlan_cmd.obj (.text:cmdAddProfilecallback)
                  20013564    000001d0     drivers_cc32xx.a : SPICC32XXDMA.oem4 (.text:SPICC32XXDMA_transfer)
                  20013734    000001cc     rtsv7M4_T_le_eabi.lib : _printfi.c.obj (.text:_pconv_g)
                  20013900    000001b8     drivers_cc32xx.a : SPICC32XXDMA.oem4 (.text:configDMA)
                  20013ab8    000001b8     transceiver_cmd.obj (.text:showTxMenu)
                  20013c70    000001b6     rtsv7M4_T_le_eabi.lib : fd_add_t2.asm.obj (.text)
                  20013e26    00000002                           : div0.asm.obj (.text)
                  20013e28    000001b4     simplelink.a : driver.obj (.text:_SlDrvReleaseAllActivePendingPoolObj)
                  20013fdc    000001b2     wlan_cmd.obj (.text:cmdGetProfilecallback)
                  2001418e    00000002     ti_sysbios_config.obj (.text:ti_sysbios_knl_TaskSupport_init)
                  20014190    000001ac     wlan_cmd.obj (.text:cmdP2PStopcallback)
                  2001433c    000001a8     simplelink.a : sl_socket.obj (.text:sl_Accept)
                  200144e4    000001a5     socket_cmd.obj (.text:cmdRecvCallback)
                  20014689    00000001     --HOLE-- [fill = 0]
                  2001468a    00000002     ti_sysbios_config.obj (.text:ti_sysbios_runtime_Startup_reset)
                  2001468c    0000019c     cmd_parser.obj (.text:ParsemDNSQueryCmd)
                  20014828    00000198     ti_sysbios_config.obj (.text:PowerCC32XX_sleepPolicy)
                  200149c0    00000198     ti_sysbios_config.obj (.text:ti_sysbios_family_arm_m3_Timer_Instance_init)
                  20014b58    00000184     simplelink.a : driver.obj (.text:_SlDrvFindAndSetActiveObj)
                  20014cdc    00000178                  : sl_socket.obj (.text:sl_Connect)
                  20014e54    00000170     transceiver_cmd.obj (.text:cmdTranceiverModecallback)
                  20014fc4    00000170     simplelink.a : netapp.obj (.text:sl_NetAppDnsGetHostByName)
                  20015134    0000016c     cmd_parser.obj (.text:ParseCountycodeCmd)
                  200152a0    00000164     ti_sysbios_config.obj (.text:ti_sysbios_knl_Task_Instance_init)
                  20015404    00000160     wlan_cmd.obj (.text:cmdAntSelectionEnablecallback)
                  20015564    0000015c     ti_sysbios_config.obj (.text:clock_gettime)
                  200156c0    00000158     drivers_cc32xx.a : SPICC32XXDMA.oem4 (.text:SPICC32XXDMA_open)
                  20015818    00000158     wlan_cmd.obj (.text:cmdCoexEnablecallback)
                  20015970    00000158     wlan_cmd.obj (.text:printFrameSubTyps)
                  20015ac8    00000154     drivers_cc32xx.a : GPIOCC32XX.oem4 (.text:GPIO_setConfig)
                  20015c1c    00000154     simplelink.a : sl_socket.obj (.text:sl_RecvFrom)
                  20015d70    0000014c     wlan_cmd.obj (.text:cmdScanCallback)
                  20015ebc    00000148     simplelink.a : sl_socket.obj (.text:_SlDrvGetNextTimeoutValue)
                  20016004    00000148     drivers_cc32xx.a : PowerCC32XX.oem4 (.text:parkPins)
                  2001614c    00000140     simplelink.a : driver.obj (.text:_SlDrvMsgReadSpawnCtx)
                  2001628c    0000013c     cmd_parser.obj (.text:ParseTriggeredRoamingEnableCmd)
                  200163c8    0000013c     rtsv7M4_T_le_eabi.lib : _printfi.c.obj (.text:_pconv_e)
                  20016504    00000138     drivers_cc32xx.a : PowerCC32XX.oem4 (.text:Power_sleep)
                  2001663c    00000138     simplelink.a : driver.obj (.text:_SlSpawnMsgListInsert)
                  20016774    00000138     wlan_cmd.obj (.text:cmdAntSelectionDisablecallback)
                  200168ac    00000138     transceiver_cmd.obj (.text:showMenu)
                  200169e4    00000136     rtsv7M4_T_le_eabi.lib : fd_div_t2.asm.obj (.text)
                  20016b1a    00000002     ti_sysbios_config.obj (.text:ti_sysbios_runtime_SysCallback_defaultInit)
                  20016b1c    00000134     transceiver_cmd.obj (.text:showPHYConfMenu)
                  20016c50    00000130     simplelink.a : driver.obj (.text:_SlDrvDriverCBDeinit)
                  20016d80    00000130     wlan_cmd.obj (.text:cmdCoexDisablecallback)
                  20016eb0    00000130     rtsv7M4_T_le_eabi.lib : strtol.c.obj (.text:strtol)
                  20016fe0    00000128     cmd_parser.obj (.text:ParseScanCmd)
                  20017108    00000128     simplelink.a : driver.obj (.text:_SlDrvClassifyRxMsg)
                  20017230    00000128     ti_sysbios_config.obj (.text:pthread_create)
                  20017358    00000120     simplelink.a : driver.obj (.text:_SlDrvAsyncEventGenericHandler)
                  20017478    00000120     rtsv7M4_T_le_eabi.lib : _printfi.c.obj (.text:fcvt)
                  20017598    0000011c     transceiver_cmd.obj (.text:showModCodeMenu)
                  200176b4    0000011c     simplelink.a : device.obj (.text:sl_Start)
                  200177d0    0000011a     ti_sysbios_config.obj (.text:ti_sysbios_heaps_HeapMem_allocUnprotected)
                  200178ea    00000002     ti_sysbios_config.obj (.text:ti_sysbios_runtime_System_abortSpin)
                  200178ec    00000118     simplelink.a : netapp.obj (.text:_SlNetAppHandleAsync_DnsGetHostByService)
                  20017a04    00000118                  : wlan.obj (.text:sl_WlanProfileGet)
                  20017b1c    00000117     wlan_cmd.obj (.text:cmdCreateFilterCallback)
                  20017c33    00000001     --HOLE-- [fill = 0]
                  20017c34    00000114     wlan_cmd.obj (.text:printCreateFilterUsage)
                  20017d48    00000110     simplelink.a : netapp.obj (.text:sl_NetAppDnsGetHostByService)
                  20017e58    00000110     rtsv7M4_T_le_eabi.lib : strtoul.c.obj (.text:strtoul)
                  20017f68    0000010c     uart_term.obj (.text:pushCommand)
                  20018074    00000104     simplelink.a : device.obj (.text:_SlDeviceEventHandler)
                  20018178    00000104                  : driver.obj (.text:_SlDrvCmdOp)
                  2001827c    00000100     cmd_parser.obj (.text:ParseSoftRoamingEnableCmd)
                  2001837c    00000100     simplelink.a : driver.obj (.text:_SlDrvObjGlobalLockWaitForever)
                  2001847c    00000100     network_terminal.obj (.text:cmdHelpCallback)
                  2001857c    000000fc     network_terminal.obj (.text:cmd_prompt)
                  20018678    000000fc     rtsv7M4_T_le_eabi.lib : fd_mul_t2.asm.obj (.text)
                  20018774    000000fc     ti_sysbios_config.obj (.text:ti_sysbios_knl_TaskSupport_buildTaskStack)
                  20018870    000000fc     ti_sysbios_config.obj (.text:ti_sysbios_knl_Task_setPri)
                  2001896c    000000fa     rtsv7M4_T_le_eabi.lib : fs_add_t2.asm.obj (.text)
                  20018a66    00000002     --HOLE-- [fill = 0]
                  20018a68    000000f8     drivers_cc32xx.a : UARTCC32XXDMA.oem4 (.text:UARTCC32XXDMA_close)
                  20018b60    000000f8     simplelink.a : sl_socket.obj (.text:sl_Close)
                  20018c58    000000f4     netapp_cmd.obj (.text:SimpleLinkPingReport)
                  20018d4c    000000f4     socket_cmd.obj (.text:cmdSendCallback)
                  20018e40    000000f4     simplelink.a : sl_socket.obj (.text:sl_SendTo)
                  20018f34    000000f2     drivers_cc32xx.a : SPICC32XXDMA.oem4 (.text:SPICC32XXDMA_transferCancel)
                  20019026    00000002     --HOLE-- [fill = 0]
                  20019028    000000f0     cmd_parser.obj (.text:ParsegetProfileCmd)
                  20019118    000000f0     ti_sysbios_config.obj (.text:ti_sysbios_knl_Semaphore_pend)
                  20019208    000000ec     wlan_cmd.obj (.text:cmdCountrycodecallback)
                  200192f4    000000e8     drivers_cc32xx.a : UARTCC32XXDMA.oem4 (.text:initHw)
                  200193dc    000000e0     ti_sysbios_config.obj (.text:ti_sysbios_knl_Task_Instance_finalize)
                  200194bc    000000de     network_terminal.obj (.text:hexbyteStrtoASCII)
                  2001959a    00000002     --HOLE-- [fill = 0]
                  2001959c    000000d8     drivers_cc32xx.a : SPICC32XXDMA.oem4 (.text:SPICC32XXDMA_close)
                  20019674    000000d8     simplelink.a : device.obj (.text:_SlDeviceHandleAsync_InitComplete)
                  2001974c    000000d8                  : driver.obj (.text:_SlDrvWaitForInternalAsyncEvent)
                  20019824    000000d8                  : netapp.obj (.text:_SlNetAppHandleAsync_NetAppReceive)
                  200198fc    000000d8     ti_sysbios_config.obj (.text:_pthread_abstime2ticks)
                  200199d4    000000d4     socket_cmd.obj (.text:printRecvUsage)
                  20019aa8    000000d0     simplelink.a : driver.obj (.text:_SlDrvRemoveFromList)
                  20019b78    000000d0                  : netapp.obj (.text:_SlNetAppMDNSRegisterUnregisterService)
                  20019c48    000000d0     rtsv7M4_T_le_eabi.lib : s_scalbn.c.obj (.text:scalbn)
                  20019d18    000000d0     simplelink.a : netapp.obj (.text:sl_NetAppGetServiceList)
                  20019de8    000000d0     ti_sysbios_config.obj (.text:ti_sysbios_family_arm_m3_Hwi_Instance_init)
                  20019eb8    000000d0     sysbios.a : Hwi_asm.obj (.text:ti_sysbios_family_arm_m3_Hwi_dispatch)
                  20019f88    000000ce     cmd_parser.obj (.text:mDNScreateServiceName)
                  2001a056    00000002     --HOLE-- [fill = 0]
                  2001a058    000000cc     wlan_cmd.obj (.text:cmdDeleteFilterCallback)
                  2001a124    000000cc     wlan_cmd.obj (.text:cmdDisableFilterCallback)
                  2001a1f0    000000cc     wlan_cmd.obj (.text:cmdEnableFilterCallback)
                  2001a2bc    000000c8     drivers_cc32xx.a : SPICC32XXDMA.oem4 (.text:spiHwiFxn)
                  2001a384    000000c8     ti_sysbios_config.obj (.text:ti_sysbios_family_arm_m3_Hwi_initNVIC)
                  2001a44c    000000c8     ti_sysbios_config.obj (.text:ti_sysbios_knl_Clock_workFunc)
                  2001a514    000000c4     cmd_parser.obj (.text:ParseCmd)
                  2001a5d8    000000c0     simplelink.a : cc_pal.obj (.text:NwpPowerOff)
                  2001a698    000000c0     network_terminal.obj (.text:macAddressParse)
                  2001a758    000000c0     drivers_cc32xx.a : PowerCC32XX.oem4 (.text:restoreParkedPins)
                  2001a818    000000c0     simplelink.a : netcfg.obj (.text:sl_NetCfgGet)
                  2001a8d8    000000bc     wlan_cmd.obj (.text:CheckSubFrameType)
                  2001a994    000000bc     simplelink.a : netapp.obj (.text:_SlNetAppSendResponse)
                  2001aa50    000000bc     socket_cmd.obj (.text:printSendUsage)
                  2001ab0c    000000bc     simplelink.a : sl_socket.obj (.text:sl_Send)
                  2001abc8    000000bc                  : wlan.obj (.text:sl_WlanProvisioning)
                  2001ac84    000000b8     drivers_cc32xx.a : UARTCC32XXDMA.oem4 (.text:UARTCC32XXDMA_configDMA)
                  2001ad3c    000000b8     simplelink.a : netapp.obj (.text:_SlNetAppHandleAsync_DnsGetHostByName)
                  2001adf4    000000b8                  : netapp.obj (.text:_SlNetAppHandleAsync_PingResponse)
                  2001aeac    000000b8     network_terminal.obj (.text:showAvailableCmd)
                  2001af64    000000b8     simplelink.a : device.obj (.text:sl_DeviceGet)
                  2001b01c    000000b8                  : wlan.obj (.text:sl_WlanGet)
                  2001b0d4    000000b4     network_terminal.obj (.text:PrintIPAddress)
                  2001b188    000000b4     drivers_cc32xx.a : UARTCC32XXDMA.oem4 (.text:UARTCC32XXDMA_hwiIntFxn)
                  2001b23c    000000b4     simplelink.a : driver.obj (.text:_SlDrvHandleFatalError)
                  2001b2f0    000000b4                  : netutil.obj (.text:_SlNetUtilHandleAsync_Cmd)
                  2001b3a4    000000b4     ti_sysbios_config.obj (.text:_pthread_removeThreadKeys)
                  2001b458    000000b4     radio_tool.obj (.text:radioTool_Open)
                  2001b50c    000000b4     ti_sysbios_config.obj (.text:ti_sysbios_heaps_HeapMem_freeUnprotected)
                  2001b5c0    000000b1     rtsv7M4_T_le_eabi.lib : _printfi.c.obj (.text:_ltostr)
                  2001b671    00000003     --HOLE-- [fill = 0]
                  2001b674    000000b0     wlan_cmd.obj (.text:printWlanConnectUsage)
                  2001b724    000000b0     wlan_cmd.obj (.text:printWlanStartApUsage)
                  2001b7d4    000000b0     simplelink.a : wlan.obj (.text:sl_WlanRxStatGet)
                  2001b884    000000ac                  : sl_socket.obj (.text:_SlSocketHandleAsync_Close)
                  2001b930    000000ac                  : sl_socket.obj (.text:_SlSocketHandleAsync_Connect)
                  2001b9dc    000000ac     wlan_cmd.obj (.text:sendConnectionReq)
                  2001ba88    000000ac     ti_sysbios_config.obj (.text:ti_sysbios_knl_Swi_Instance_init)
                  2001bb34    000000a9     wlan_cmd.obj (.text:cmdAPTransitionDisablecallback)
                  2001bbdd    00000003     --HOLE-- [fill = 0]
                  2001bbe0    000000a9     wlan_cmd.obj (.text:cmdTriggeredRoamingDisablecallback)
                  2001bc89    00000003     --HOLE-- [fill = 0]
                  2001bc8c    000000a8     driverlib.a : prcm.obj (.text:PRCMPeripheralClockGet)
                  2001bd34    000000a8     drivers_cc32xx.a : PowerCC32XX.oem4 (.text:PowerCC32XX_configureWakeup)
                  2001bddc    000000a8     netapp_cmd.obj (.text:printmDNSAdvertiseUsage)
                  2001be84    000000a8     ti_sysbios_config.obj (.text:ti_sysbios_knl_Task_postInit)
                  2001bf2c    000000a6     uart_term.obj (.text:Report)
                  2001bfd2    000000a6     simplelink.a : driver.obj (.text:_SlDrvIsTimeoutExpired)
                  2001c078    000000a6     transceiver_cmd.obj (.text:is5GhzChannel)
                  2001c11e    00000002     --HOLE-- [fill = 0]
                  2001c120    000000a4     wlan_cmd.obj (.text:printAddProfileUsage)
                  2001c1c4    000000a4     wlan_cmd.obj (.text:printSetPolicyUsage)
                  2001c268    000000a4     simplelink.a : sl_socket.obj (.text:sl_Bind)
                  2001c30c    000000a4                  : netapp.obj (.text:sl_NetAppGet)
                  2001c3b0    000000a1     wlan_cmd.obj (.text:cmdAPTransitionEnablecallback)
                  2001c451    00000003     --HOLE-- [fill = 0]
                  2001c454    000000a1     wlan_cmd.obj (.text:cmdWlanDisconnectCallback)
                  2001c4f5    00000003     --HOLE-- [fill = 0]
                  2001c4f8    000000a0     uart_term.obj (.text:InitTerm)
                  2001c598    000000a0     simplelink.a : driver.obj (.text:_SlSpawnMsgListProcess)
                  2001c638    000000a0     sysbios.a : auto_init.obj (.text)
                  2001c6d8    000000a0     ti_sysbios_config.obj (.text:ti_sysbios_hal_Seconds_getTime)
                  2001c778    000000a0     ti_sysbios_config.obj (.text:ti_sysbios_hal_Seconds_setTime)
                  2001c818    000000a0     ti_sysbios_config.obj (.text:ti_sysbios_knl_Swi_restoreHwi)
                  2001c8b8    0000009e     simplelink.a : cc_pal.obj (.text:spi_Read)
                  2001c956    0000009e                  : cc_pal.obj (.text:spi_Write)
                  2001c9f4    0000009c     rtsv7M4_T_le_eabi.lib : memcpy_t2.asm.obj (.text)
                  2001ca90    0000009c     ti_sysbios_config.obj (.text:ti_sysbios_knl_Swi_run)
                  2001cb2c    00000098     netapp_cmd.obj (.text:printPingUsage)
                  2001cbc4    00000096     wlan_cmd.obj (.text:cmdSoftRoamingDisablecallback)
                  2001cc5a    00000002     --HOLE-- [fill = 0]
                  2001cc5c    00000096     network_terminal.obj (.text:ipv4AddressParse)
                  2001ccf2    00000096     rtsv7M4_T_le_eabi.lib : ull_div_t2.asm.obj (.text)
                  2001cd88    00000094     simplelink.a : cc_pal.obj (.text:Semaphore_pend_handle)
                  2001ce1c    00000094     drivers_cc32xx.a : SPICC32XXDMA.oem4 (.text:initHw)
                  2001ceb0    00000094     simplelink.a : wlan.obj (.text:sl_WlanGetExtNetworkList)
                  2001cf44    00000094                  : wlan.obj (.text:sl_WlanGetNetworkList)
                  2001cfd8    00000094     ti_sysbios_config.obj (.text:ti_sysbios_hal_Seconds_getCount)
                  2001d06c    00000092     rtsv7M4_T_le_eabi.lib : fs_div_t2.asm.obj (.text)
                  2001d0fe    00000002     --HOLE-- [fill = 0]
                  2001d100    00000090     drivers_cc32xx.a : GPIOCC32XX.oem4 (.text:GPIO_init)
                  2001d190    00000090     simplelink.a : device.obj (.text:_SlDeviceHandleAsync_Stop)
                  2001d220    00000090                  : sl_socket.obj (.text:_SlSocketHandleAsync_Accept)
                  2001d2b0    00000090     netapp_cmd.obj (.text:printmDNSQueryUsage)
                  2001d340    00000090     radio_tool.obj (.text:radioTool_RxStart)
                  2001d3d0    00000090     drivers_cc32xx.a : PowerCC32XX.oem4 (.text:restoreNVICRegs)
                  2001d460    00000090     simplelink.a : wlan.obj (.text:sl_WlanRxFilterAdd)
                  2001d4f0    00000090     ti_sysbios_config.obj (.text:ti_sysbios_heaps_HeapMem_Instance_init)
                  2001d580    0000008c     drivers_cc32xx.a : UARTCC32XXDMA.oem4 (.text:UARTCC32XXDMA_write)
                  2001d60c    0000008c     simplelink.a : driver.obj (.text:_SlDrvDriverIsApiAllowed)
                  2001d698    0000008c                  : driver.obj (.text:_SlDrvProtectAsyncRespSetting)
                  2001d724    0000008c     wlan_cmd.obj (.text:printEnableWoWLANUsage)
                  2001d7b0    0000008c     simplelink.a : sl_socket.obj (.text:sl_Recv)
                  2001d83c    0000008c                  : wlan.obj (.text:sl_WlanRxStatStart)
                  2001d8c8    0000008c                  : wlan.obj (.text:sl_WlanRxStatStop)
                  2001d954    0000008c     ti_sysbios_config.obj (.text:ti_sysbios_family_arm_m3_Hwi_excHandlerMin)
                  2001d9e0    00000088     driverlib.a : pin.obj (.text:PinConfigSet)
                  2001da68    00000088     ti_sysbios_config.obj (.text:ti_sysbios_knl_TaskSupport_start)
                  2001daf0    00000088     ti_sysbios_config.obj (.text:ti_sysbios_knl_Task_sleep)
                  2001db78    00000086     rtsv7M4_T_le_eabi.lib : fd_cmp_t2.asm.obj (.text:__aeabi_cdcmple)
                  2001dbfe    00000086                           : fd_cmp_t2.asm.obj (.text:__aeabi_cdrcmple)
                  2001dc84    00000084     drivers_cc32xx.a : PowerCC32XX.oem4 (.text:Power_init)
                  2001dd08    00000084     ti_sysbios_config.obj (.text:acquireMutexNone)
                  2001dd8c    00000084     wlan_cmd.obj (.text:printScanUsage)
                  2001de10    00000084     drivers_cc32xx.a : PowerCC32XX.oem4 (.text:saveNVICRegs)
                  2001de94    00000084     network_terminal.obj (.text:sem_wait_timeout)
                  2001df18    00000084     simplelink.a : netapp.obj (.text:sl_NetAppSet)
                  2001df9c    00000084                  : netcfg.obj (.text:sl_NetCfgSet)
                  2001e020    00000084                  : sl_socket.obj (.text:sl_SetSockOpt)
                  2001e0a4    00000084                  : wlan.obj (.text:sl_WlanSet)
                  2001e128    00000084     ti_sysbios_config.obj (.text:ti_sysbios_family_arm_m3_Hwi_dispatchC)
                  2001e1ac    00000084     ti_sysbios_config.obj (.text:ti_sysbios_family_arm_m3_Hwi_postInit)
                  2001e230    00000082     ti_sysbios_config.obj (.text:ti_sysbios_knl_Semaphore_post)
                  2001e2b2    00000002     --HOLE-- [fill = 0]
                  2001e2b4    00000080     drivers_cc32xx.a : GPIOCC32XX.oem4 (.text:GPIO_write)
                  2001e334    00000080                      : PowerCC32XX.oem4 (.text:Power_setDependency)
                  2001e3b4    00000080                      : UARTCC32XXDMA.oem4 (.text:UARTCC32XXDMA_read)
                  2001e434    00000080     simplelink.a : device.obj (.text:sl_DeviceSet)
                  2001e4b4    00000080     ti_sysbios_config.obj (.text:ti_sysbios_family_arm_m3_Hwi_getStackInfo)
                  2001e534    00000080     ti_sysbios_config.obj (.text:ti_sysbios_knl_Task_startup)
                  2001e5b4    0000007e     cmd_parser.obj (.text:FreeConnectCmd)
                  2001e632    00000002     --HOLE-- [fill = 0]
                  2001e634    0000007c     drivers_cc32xx.a : UDMACC32XX.oem4 (.text:UDMACC32XX_open)
                  2001e6b0    0000007c     simplelink.a : wlan.obj (.text:sl_WlanPolicySet)
                  2001e72c    0000007c     ti_sysbios_config.obj (.text:ti_sysbios_knl_Idle_init)
                  2001e7a8    0000007c     ti_sysbios_config.obj (.text:ti_sysbios_knl_Task_schedule)
                  2001e824    0000007a     drivers_cc32xx.a : UARTCC32XXDMA.oem4 (.text:UARTCC32XXDMA_readPolling)
                  2001e89e    0000007a     rtsv7M4_T_le_eabi.lib : fs_mul_t2.asm.obj (.text)
                  2001e918    0000007a                           : memset_t2.asm.obj (.text)
                  2001e992    0000007a     ti_sysbios_config.obj (.text:ti_sysbios_knl_Task_getObjectCheckValue)
                  2001ea0c    00000078     ti_sysbios_config.obj (.text:pthread_exit)
                  2001ea84    00000078     radio_tool.obj (.text:radioTool_TxStop)
                  2001eafc    00000078     simplelink.a : sl_socket.obj (.text:sl_Socket)
                  2001eb74    00000074     drivers_cc32xx.a : GPIOCC32XX.oem4 (.text:powerNotifyFxn)
                  2001ebe8    00000074     wlan_cmd.obj (.text:printCountrycodeeUsage)
                  2001ec5c    00000074     wlan_cmd.obj (.text:printSoftRoamingEnableUsage)
                  2001ecd0    00000074     wlan_cmd.obj (.text:printTriggeredRoamingEnableUsage)
                  2001ed44    00000074     ti_sysbios_config.obj (.text:pthread_cancel)
                  2001edb8    00000074     ti_sysbios_config.obj (.text:pthread_join)
                  2001ee2c    00000074     ti_sysbios_config.obj (.text:ti_sysbios_knl_Swi_schedule)
                  2001eea0    00000070     simplelink.a : driver.obj (.text:_SlDrvCmdSend_noLock)
                  2001ef10    00000070     transceiver_cmd.obj (.text:showCCAThreshHoldMenu)
                  2001ef80    00000070     transceiver_cmd.obj (.text:showRxMenu)
                  2001eff0    00000070     ti_sysbios_config.obj (.text:ti_sysbios_family_arm_m3_Hwi_disableInterrupt)
                  2001f060    00000070     ti_sysbios_config.obj (.text:ti_sysbios_knl_Clock_walkQueuePeriodic)
                  2001f0d0    00000070     ti_sysbios_config.obj (.text:ti_sysbios_knl_Swi_runLoop)
                  2001f140    00000070     ti_sysbios_config.obj (.text:ti_sysbios_runtime_Memory_alloc)
                  2001f1b0    0000006e     rtsv7M4_T_le_eabi.lib : _printfi.c.obj (.text:_mcpy)
                  2001f21e    00000002     --HOLE-- [fill = 0]
                  2001f220    0000006c     simplelink.a : device.obj (.text:_SlDeviceHandleResetRequestInternally)
                  2001f28c    0000006c                  : netapp.obj (.text:_SlNetAppSendTokenValue)
                  2001f2f8    0000006c     ti_sysbios_config.obj (.text:ti_sysbios_family_arm_m3_Hwi_enableInterrupt)
                  2001f364    0000006c     ti_sysbios_config.obj (.text:ti_sysbios_heaps_HeapMem_getStats)
                  2001f3d0    0000006a     cmd_parser.obj (.text:FreeProfileCmd)
                  2001f43a    00000002     --HOLE-- [fill = 0]
                  2001f43c    00000068     uart_term.obj (.text:ReplaceLine)
                  2001f4a4    00000068     simplelink.a : driver.obj (.text:_SlSpawnMsgListGetCount)
                  2001f50c    00000068     rtsv7M4_T_le_eabi.lib : copy_decompress_lzss.c.obj (.text:decompress:lzss:__TI_decompress_lzss)
                  2001f574    00000068     main_tirtos.obj (.text:main)
                  2001f5dc    00000068     wlan_cmd.obj (.text:printAntSelectionEnableUsage)
                  2001f644    00000068     wlan_cmd.obj (.text:printCoexEnableUsage)
                  2001f6ac    00000068     wlan_cmd.obj (.text:printGetProfileUsage)
                  2001f714    00000068     wlan_cmd.obj (.text:printP2PStartUsage)
                  2001f77c    00000068     wlan_cmd.obj (.text:printP2PStopUsage)
                  2001f7e4    00000068     uart_term.obj (.text:retCommand)
                  2001f84c    00000068     simplelink.a : cc_pal.obj (.text:spi_Open)
                  2001f8b4    00000068     ti_sysbios_config.obj (.text:ti_sysbios_knl_Clock_init)
                  2001f91c    00000068     ti_sysbios_config.obj (.text:ti_sysbios_knl_Task_blockI)
                  2001f984    00000064     drivers_cc32xx.a : GPIOCC32XX.oem4 (.text:GPIO_setInterruptConfig)
                  2001f9e8    00000064                      : PowerCC32XX.oem4 (.text:PowerCC32XX_setParkState)
                  2001fa4c    00000064     ti_sysbios_config.obj (.text:realloc)
                  2001fab0    00000064     ti_sysbios_config.obj (.text:sem_timedwait)
                  2001fb14    00000064     ti_sysbios_config.obj (.text:sleep)
                  2001fb78    00000060     drivers_cc32xx.a : GPIOCC32XX.oem4 (.text:GPIO_hwiIntFxn)
                  2001fbd8    00000060     driverlib.a : prcm.obj (.text:PRCMSysResetCauseGet)
                  2001fc38    00000060     drivers_cc32xx.a : UARTCC32XXDMA.oem4 (.text:UARTCC32XXDMA_control)
                  2001fc98    0000005c     simplelink.a : spawn.obj (.text:_SlInternalSpawn)
                  2001fcf4    0000005c     rtsv7M4_T_le_eabi.lib : s_frexp.c.obj (.text:frexp)
                  2001fd50    0000005c     wlan_cmd.obj (.text:printAPTransitionDisableUsage)
                  2001fdac    0000005c     wlan_cmd.obj (.text:printAPTransitionEnableUsage)
                  2001fe08    0000005c     wlan_cmd.obj (.text:printAntSelectionDisableUsage)
                  2001fe64    0000005c     wlan_cmd.obj (.text:printCoexDisableUsage)
                  2001fec0    0000005c     wlan_cmd.obj (.text:printConnectedStationsUsage)
                  2001ff1c    0000005c     wlan_cmd.obj (.text:printSoftRoamingDisableUsage)
                  2001ff78    0000005c     wlan_cmd.obj (.text:printTriggeredRoamingDisableUsage)
                  2001ffd4    0000005c     wlan_cmd.obj (.text:printWlanDisconnectUsage)
                  20020030    0000005c     wlan_cmd.obj (.text:printWlanStopApUsage)
                  2002008c    0000005c     ti_sysbios_config.obj (.text:pthread_mutex_init)
                  200200e8    0000005c     transceiver_cmd.obj (.text:showPreambleMenu)
                  20020144    0000005c     ti_sysbios_config.obj (.text:ti_sysbios_family_arm_m3_Hwi_Instance_finalize)
                  200201a0    00000058     driverlib.a : prcm.obj (.text:PRCMPeripheralReset)
                  200201f8    00000058     drivers_cc32xx.a : PowerCC32XX.oem4 (.text:Power_releaseDependency)
                  20020250    00000058     simplelink.a : sl_socket.obj (.text:_SlDrvClearCtrlSocket)
                  200202a8    00000058                  : driver.obj (.text:_SlFindAndReleasePendingCmd)
                  20020300    00000058     wlan_cmd.obj (.text:printDeleteFilterUsage)
                  20020358    00000058     wlan_cmd.obj (.text:printDisableFilterUsage)
                  200203b0    00000058     wlan_cmd.obj (.text:printEnableFilterUsage)
                  20020408    00000058     simplelink.a : sl_socket.obj (.text:sl_Listen)
                  20020460    00000056     rtsv7M4_T_le_eabi.lib : _printfi.c.obj (.text:_pconv_f)
                  200204b6    00000056     ti_sysbios_config.obj (.text:getCountsRTC)
                  2002050c    00000056     ti_sysbios_config.obj (.text:ti_sysbios_family_arm_m3_Timer_setPeriodMicroSecs)
                  20020562    00000002     --HOLE-- [fill = 0]
                  20020564    00000054     ti_sysbios_config.obj (.text:BIOS_init)
                  200205b8    00000054     ti_sysbios_config.obj (.text:ClockP_create)
                  2002060c    00000054     ti_sysbios_config.obj (.text:HwiP_create)
                  20020660    00000054     simplelink.a : driver.obj (.text:_SlDrvRxIrqHandler)
                  200206b4    00000054     rtsv7M4_T_le_eabi.lib : _ltoa.c.obj (.text:__TI_ltoa)
                  20020708    00000054     transceiver_cmd.obj (.text:printTranceiverModeUsage)
                  2002075c    00000054     simplelink.a : netapp.obj (.text:sl_NetAppMDNSRegisterService)
                  200207b0    00000054     ti_sysbios_config.obj (.text:ti_sysbios_family_arm_m3_Timer_start)
                  20020804    00000054     ti_sysbios_config.obj (.text:ti_sysbios_knl_Swi_post)
                  20020858    00000054     ti_sysbios_config.obj (.text:ti_sysbios_knl_Task_allBlockedFunction)
                  200208ac    00000054     ti_sysbios_config.obj (.text:ti_sysbios_knl_Task_getModuleStateCheckValue)
                  20020900    00000052     drivers_cc32xx.a : PowerCC32XX_asm.oem4 (.text:PowerCC32XX_resumeLPDS)
                  20020952    00000052     rtsv7M4_T_le_eabi.lib : _printfi.c.obj (.text:_ecpy)
                  200209a4    00000050     simplelink.a : cc_pal.obj (.text:NwpRegisterInterruptHandler)
                  200209f4    00000050     drivers_cc32xx.a : UARTCC32XXDMA.oem4 (.text:UARTCC32XXDMA_writePolling)
                  20020a44    00000050     simplelink.a : driver.obj (.text:_SlDrvCmdSend_noWait)
                  20020a94    00000050                  : driver.obj (.text:_SlDrvUpdateApiInProgress)
                  20020ae4    00000050                  : spawn.obj (.text:_SlInternalSpawnTaskEntry)
                  20020b34    00000050                  : eventreg.obj (.text:_SlNetAppHttpServerHdlr)
                  20020b84    00000050                  : eventreg.obj (.text:_SlNetAppRequestHdlr)
                  20020bd4    00000050     network_terminal.obj (.text:printHelpUsage)
                  20020c24    00000050     ti_sysbios_config.obj (.text:ti_sysbios_knl_Clock_Instance_init)
                  20020c74    00000050     ti_sysbios_config.obj (.text:ti_sysbios_knl_Task_moduleStateCheck)
                  20020cc4    00000050     ti_sysbios_config.obj (.text:ti_sysbios_knl_Task_unblockI)
                  20020d14    0000004e     cmd_parser.obj (.text:isChannelAt)
                  20020d62    0000004e     ti_sysbios_config.obj (.text:pthread_mutex_unlock)
                  20020db0    0000004e     drivers_cc32xx.a : UARTCC32XXDMA.oem4 (.text:writeCancel)
                  20020dfe    00000002     --HOLE-- [fill = 0]
                  20020e00    0000004c     ti_sysbios_config.obj (.text:MemAlloc_alloc)
                  20020e4c    0000004c     simplelink.a : cc_pal.obj (.text:NwpWaitForShutDownInd)
                  20020e98    0000004c     drivers_cc32xx.a : PowerCC32XX.oem4 (.text:PowerCC32XX_parkPin)
                  20020ee4    0000004c     rtsv7M4_T_le_eabi.lib : atoi.c.obj (.text:atoi)
                  20020f30    0000004c                           : atol.c.obj (.text:atol)
                  20020f7c    0000004c     ti_sysbios_config.obj (.text:clock_settime)
                  20020fc8    0000004c     rtsv7M4_T_le_eabi.lib : cpy_tbl.c.obj (.text:copy_in)
                  20021014    0000004c     drivers_cc32xx.a : PowerCC32XX.oem4 (.text:restorePeriphClocks)
                  20021060    0000004c     simplelink.a : netapp.obj (.text:sl_NetAppMDNSUnRegisterService)
                  200210ac    0000004c                  : wlan.obj (.text:sl_WlanProfileDel)
                  200210f8    0000004c                  : wlan.obj (.text:sl_WlanSetMode)
                  20021144    0000004c     ti_sysbios_config.obj (.text:ti_sysbios_heaps_HeapMem_alloc)
                  20021190    0000004c     ti_sysbios_config.obj (.text:ti_sysbios_runtime_System_atexit)
                  200211dc    0000004a     drivers_cc32xx.a : UARTCC32XXDMA.oem4 (.text:readCancel)
                  20021226    0000004a     ti_sysbios_config.obj (.text:ti_sysbios_family_arm_m3_Hwi_create)
                  20021270    00000048     driverlib.a : flash.obj (.text:FlashDisable)
                  200212b8    00000048     drivers_cc32xx.a : GPIOCC32XX.oem4 (.text:GPIO_disableInt)
                  20021300    00000048                      : GPIOCC32XX.oem4 (.text:GPIO_enableInt)
                  20021348    00000048     driverlib.a : prcm.obj (.text:PRCMLPDSEnter)
                  20021390    00000048                 : prcm.obj (.text:PRCMPeripheralClkEnable)
                  200213d8    00000048     drivers_cc32xx.a : PowerCC32XX.oem4 (.text:Power_releaseConstraint)
                  20021420    00000048     ti_sysbios_config.obj (.text:SemaphoreP_create)
                  20021468    00000048     simplelink.a : eventreg.obj (.text:_SlDeviceFatalErrorEvtHdlr)
                  200214b0    00000048                  : eventreg.obj (.text:_SlDeviceGeneralEvtHdlr)
                  200214f8    00000048                  : driver.obj (.text:_SlDrvBasicCmd)
                  20021540    00000048                  : driver.obj (.text:_SlDrvSyncObjWaitTimeout)
                  20021588    00000048                  : eventreg.obj (.text:_SlNetAppEvtHdlr)
                  200215d0    00000048                  : eventreg.obj (.text:_SlNetAppRequestMemFree)
                  20021618    00000048                  : eventreg.obj (.text:_SlSockEvtHdlr)
                  20021660    00000048                  : eventreg.obj (.text:_SlWlanEvtHdlr)
                  200216a8    00000048     rtsv7M4_T_le_eabi.lib : fd_toi_t2.asm.obj (.text)
                  200216f0    00000048     ti_sysbios_config.obj (.text:ti_sysbios_family_arm_m3_Hwi_construct)
                  20021738    00000048     sysbios.a : Hwi_asm_switch.obj (.text:ti_sysbios_family_arm_m3_Hwi_initStacks)
                  20021780    00000048     ti_sysbios_config.obj (.text:ti_sysbios_family_arm_m3_Timer_construct)
                  200217c8    00000048     ti_sysbios_config.obj (.text:ti_sysbios_family_arm_m3_Timer_initDevice)
                  20021810    00000048     ti_sysbios_config.obj (.text:ti_sysbios_family_arm_m3_Timer_setPeriod)
                  20021858    00000048     ti_sysbios_config.obj (.text:ti_sysbios_heaps_HeapMem_construct)
                  200218a0    00000048     ti_sysbios_config.obj (.text:ti_sysbios_knl_Semaphore_Instance_init)
                  200218e8    00000046     network_terminal.obj (.text:SimpleLinkGeneralEventHandler)
                  2002192e    00000002     --HOLE-- [fill = 0]
                  20021930    00000044     ti_sysbios_config.obj (.text:BIOS_startFunc)
                  20021974    00000044     driverlib.a : prcm.obj (.text:PRCMLPDSRestoreInfoSet)
                  200219b8    00000044     drivers_cc32xx.a : PowerCC32XX_asm.oem4 (.text:PowerCC32XX_enterLPDS)
                  200219fc    00000044                      : SPI.oem4 (.text:SPI_init)
                  20021a40    00000044                      : UART.oem4 (.text:UART_init)
                  20021a84    00000044     ti_sysbios_config.obj (.text:calloc)
                  20021ac8    00000044     ti_sysbios_config.obj (.text:getTime)
                  20021b0c    00000044     network_terminal.obj (.text:printClearUsage)
                  20021b50    00000044     simplelink.a : netapp.obj (.text:sl_NetAppStart)
                  20021b94    00000044                  : netapp.obj (.text:sl_NetAppStop)
                  20021bd8    00000044     sysbios.a : boot.obj (.text)
                  20021c1c    00000044     ti_sysbios_config.obj (.text:ti_sysbios_family_arm_m3_Hwi_init)
                  20021c60    00000044     ti_sysbios_config.obj (.text:ti_sysbios_family_arm_m3_Timer_Instance_finalize)
                  20021ca4    00000044     ti_sysbios_config.obj (.text:ti_sysbios_knl_Task_construct)
                  20021ce8    00000044     ti_sysbios_config.obj (.text:ti_sysbios_knl_Task_create)
                  20021d2c    00000044     ti_sysbios_config.obj (.text:ti_sysbios_knl_Task_exit)
                  20021d70    00000044     ti_sysbios_config.obj (.text:ti_sysbios_knl_Task_init)
                  20021db4    00000044     ti_sysbios_config.obj (.text:usleep)
                  20021df8    00000042     simplelink.a : sl_socket.obj (.text:sl_Htonl)
                  20021e3a    00000040                  : sl_socket.obj (.text:CountSetBits)
                  20021e7a    00000002     --HOLE-- [fill = 0]
                  20021e7c    00000040     driverlib.a : pin.obj (.text:PinModeSet)
                  20021ebc    00000040     drivers_cc32xx.a : SPI.oem4 (.text:SPI_open)
                  20021efc    00000040                      : UART.oem4 (.text:UART_open)
                  20021f3c    00000040                      : UDMACC32XX.oem4 (.text:UDMACC32XX_init)
                  20021f7c    00000040     simplelink.a : driver.obj (.text:_SlDrvGlobalObjUnLock)
                  20021fbc    00000040                  : spawn.obj (.text:_SlInternalSpawnWaitForEvent)
                  20021ffc    00000040                  : eventreg.obj (.text:_SlIsEventRegistered)
                  2002203c    00000040     rtsv7M4_T_le_eabi.lib : strtok.c.obj (.text:strtok)
                  2002207c    00000040     ti_sysbios_config.obj (.text:ti_sysbios_family_arm_m3_Timer_periodicStub)
                  200220bc    00000040     ti_sysbios_config.obj (.text:ti_sysbios_knl_Clock_addI)
                  200220fc    00000040     ti_sysbios_config.obj (.text:ti_sysbios_knl_Swi_construct)
                  2002213c    00000040     ti_sysbios_config.obj (.text:ti_sysbios_knl_Swi_init)
                  2002217c    00000040     ti_sysbios_config.obj (.text:ti_sysbios_knl_Swi_restore)
                  200221bc    00000040     ti_sysbios_config.obj (.text:ti_sysbios_knl_Task_processVitalTaskFlag)
                  200221fc    00000040     ti_sysbios_config.obj (.text:ti_sysbios_runtime_System_processAtExit)
                  2002223c    00000040     rtsv7M4_T_le_eabi.lib : vsnprintf.c.obj (.text:vsnprintf)
                  2002227c    0000003e     simplelink.a : sl_socket.obj (.text:_SlSocketBuildAddress)
                  200222ba    0000003e     rtsv7M4_T_le_eabi.lib : _printfi.c.obj (.text:_fcpy)
                  200222f8    0000003e     ti_sysbios_config.obj (.text:pthread_setcancelstate)
                  20022336    00000002     --HOLE-- [fill = 0]
                  20022338    0000003c     driverlib.a : prcm.obj (.text:PRCMSlowClkCtrFastGet)
                  20022374    0000003c     drivers_cc32xx.a : PowerCC32XX.oem4 (.text:Power_setConstraint)
                  200223b0    0000003c     simplelink.a : netapp.obj (.text:_SlNetAppCopyPingResultsToReport)
                  200223ec    0000003c     network_terminal.obj (.text:gpioButtonFxn1)
                  20022428    0000003c     radio_tool.obj (.text:radioTool_Close)
                  20022464    0000003c     ti_sysbios_config.obj (.text:sem_init)
                  200224a0    0000003c     simplelink.a : sl_socket.obj (.text:sl_Htons)
                  200224dc    0000003c     ti_sysbios_config.obj (.text:ti_sysbios_family_arm_m3_Hwi_setPriority)
                  20022518    0000003c     ti_sysbios_config.obj (.text:ti_sysbios_knl_ClockSupport_init)
                  20022554    0000003c     ti_sysbios_config.obj (.text:ti_sysbios_runtime_Error_raiseX)
                  20022590    00000038     driverlib.a : prcm.obj (.text:PRCMLPDSEnterKeepDebugIf)
                  200225c8    00000038     drivers_cc32xx.a : PowerCC32XX.oem4 (.text:notify)
                  20022600    00000038     rtsv7M4_T_le_eabi.lib : fs_toi_t2.asm.obj (.text)
                  20022638    00000038     drivers_cc32xx.a : UARTCC32XXDMA.oem4 (.text:startTxFifoEmptyClk)
                  20022670    00000038     ti_sysbios_config.obj (.text:ti_sysbios_family_arm_m3_Hwi_clearInterrupt)
                  200226a8    00000038     ti_sysbios_config.obj (.text:ti_sysbios_knl_Semaphore_pendTimeout)
                  200226e0    00000038     ti_sysbios_config.obj (.text:ti_sysbios_runtime_Startup_exec)
                  20022718    00000036     rtsv7M4_T_le_eabi.lib : strncpy.c.obj (.text:strncpy)
                  2002274e    00000002     --HOLE-- [fill = 0]
                  20022750    00000034     ti_sysbios_config.obj (.text:BIOS_rtsLock)
                  20022784    00000034     driverlib.a : pin.obj (.text:PinModeGet)
                  200227b8    00000034     drivers_cc32xx.a : PowerCC32XX.oem4 (.text:PowerCC32XX_restoreParkState)
                  200227ec    00000034                      : UDMACC32XX.oem4 (.text:UDMACC32XX_close)
                  20022820    00000034     ti_sysbios_config.obj (.text:pthread_attr_setschedparam)
                  20022854    00000034     rtsv7M4_T_le_eabi.lib : strstr.c.obj (.text:strstr)
                  20022888    00000034     ti_sysbios_config.obj (.text:ti_sysbios_family_arm_m3_Timer_oneShotStub)
                  200228bc    00000034     ti_sysbios_config.obj (.text:ti_sysbios_knl_Clock_create)
                  200228f0    00000034     ti_sysbios_config.obj (.text:ti_sysbios_knl_Task_restore)
                  20022924    00000034     drivers_cc32xx.a : UARTCC32XXDMA.oem4 (.text:writeFinishedDoCallback)
                  20022958    00000032     ti_sysbios_config.obj (.text:_pthread_runStub)
                  2002298a    00000032     radio_tool.obj (.text:radioTool_GetStats)
                  200229bc    00000030     ti_sysbios_config.obj (.text:BIOS_atExitFunc)
                  200229ec    00000030     ti_sysbios_config.obj (.text:BIOS_rtsUnlock)
                  20022a1c    00000030     drivers_cc32xx.a : PowerCC32XX.oem4 (.text:PowerCC32XX_restoreParkedPin)
                  20022a4c    00000030     rtsv7M4_T_le_eabi.lib : vsnprintf.c.obj (.text:_outs)
                  20022a7c    00000030     ti_sysbios_config.obj (.text:_pthread_cleanupFxn)
                  20022aac    00000030     str.obj (.text:printBorder)
                  20022adc    00000030     ti_sysbios_config.obj (.text:ti_sysbios_family_arm_m3_Hwi_getHandle)
                  20022b0c    00000030     ti_sysbios_config.obj (.text:ti_sysbios_family_arm_m3_Timer_startup)
                  20022b3c    00000030     ti_sysbios_config.obj (.text:ti_sysbios_heaps_HeapMem_free)
                  20022b6c    00000030     ti_sysbios_config.obj (.text:ti_sysbios_knl_Clock_startI)
                  20022b9c    00000030     ti_sysbios_config.obj (.text:ti_sysbios_knl_Clock_tick)
                  20022bcc    00000030     ti_sysbios_config.obj (.text:ti_sysbios_knl_Queue_put)
                  20022bfc    00000030     ti_sysbios_config.obj (.text:ti_sysbios_knl_Semaphore_create)
                  20022c2c    0000002e     cmd_parser.obj (.text:FreeStartApCmd)
                  20022c5a    0000002e     cmd_parser.obj (.text:FreemDNSAdvertiseCmd)
                  20022c88    0000002e     simplelink.a : cc_pal.obj (.text:Mutex_create_handle)
                  20022cb6    0000002e     rtsv7M4_T_le_eabi.lib : i_tofd_t2.asm.obj (.text)
                  20022ce4    0000002e     ti_sysbios_config.obj (.text:ti_sysbios_knl_Clock_initI)
                  20022d12    00000002     --HOLE-- [fill = 0]
                  20022d14    0000002c     simplelink.a : cc_pal.obj (.text:NwpPowerOn)
                  20022d40    0000002c     driverlib.a : prcm.obj (.text:PRCMLPDSIntervalSet)
                  20022d6c    0000002c     drivers_cc32xx.a : PowerCC32XX.oem4 (.text:PowerCC32XX_getParkState)
                  20022d98    0000002c     ti_sysbios_config.obj (.text:SemaphoreP_createBinary)
                  20022dc4    0000002c     simplelink.a : driver.obj (.text:_SlDrvSyncObjWaitForever)
                  20022df0    0000002c     ti_sysbios_config.obj (.text:getClockTicks)
                  20022e1c    0000002c     ti_sysbios_config.obj (.text:pthread_attr_init)
                  20022e48    0000002c     radio_tool.obj (.text:radioTool_RxStop)
                  20022e74    0000002c     ti_sysbios_config.obj (.text:ti_sysbios_family_arm_m3_Hwi_initStack)
                  20022ea0    0000002c     ti_sysbios_config.obj (.text:ti_sysbios_family_arm_m3_Hwi_plug)
                  20022ecc    0000002c     ti_sysbios_config.obj (.text:ti_sysbios_gates_GateMutex_enter)
                  20022ef8    0000002c     ti_sysbios_config.obj (.text:ti_sysbios_knl_Clock_construct)
                  20022f24    0000002c     ti_sysbios_config.obj (.text:ti_sysbios_knl_Task_restoreHwi)
                  20022f50    0000002a     drivers_cc32xx.a : UARTCC32XXDMA.oem4 (.text:UARTCC32XXDMA_readCancel)
                  20022f7a    0000002a                      : UARTCC32XXDMA.oem4 (.text:UARTCC32XXDMA_writeCancel)
                  20022fa4    0000002a     rtsv7M4_T_le_eabi.lib : strspn.c.obj (.text:strspn)
                  20022fce    0000002a     ti_sysbios_config.obj (.text:ti_sysbios_knl_Queue_enqueue)
                  20022ff8    0000002a     ti_sysbios_config.obj (.text:ti_sysbios_knl_Queue_insert)
                  20023022    00000002     --HOLE-- [fill = 0]
                  20023024    00000028     driverlib.a : prcm.obj (.text:PRCMLPDSWakeupSourceEnable)
                  2002304c    00000028                 : prcm.obj (.text:PRCMPeripheralClkDisable)
                  20023074    00000028     ti_sysbios_config.obj (.text:PowerCC32XX_initPolicy)
                  2002309c    00000028     drivers_cc32xx.a : PowerCC32XX.oem4 (.text:Power_registerNotify)
                  200230c4    00000028     simplelink.a : driver.obj (.text:_SlDrvProtectionObjLockWaitForever)
                  200230ec    00000028                  : driver.obj (.text:_SlDrvProtectionObjUnLock)
                  20023114    00000028                  : flowcont.obj (.text:_SlFlowContSet)
                  2002313c    00000028     ti_sysbios_config.obj (.text:free)
                  20023164    00000028     ti_sysbios_config.obj (.text:pthread_mutexattr_settype)
                  2002318c    00000028     ti_sysbios_config.obj (.text:ti_sysbios_family_arm_m3_Hwi_excHandler)
                  200231b4    00000028     sysbios.a : Hwi_asm.obj (.text:ti_sysbios_family_arm_m3_Hwi_excHandlerAsm)
                  200231dc    00000028     ti_sysbios_config.obj (.text:ti_sysbios_gates_GateMutex_Instance_init)
                  20023204    00000028     ti_sysbios_config.obj (.text:ti_sysbios_knl_Idle_run)
                  2002322c    00000028     ti_sysbios_config.obj (.text:ti_sysbios_knl_Task_objectCheck)
                  20023254    00000028     ti_sysbios_config.obj (.text:ti_sysbios_runtime_Memory_free)
                  2002327c    00000026     drivers_cc32xx.a : List.oem4 (.text:List_put)
                  200232a2    00000026                      : List.oem4 (.text:List_remove)
                  200232c8    00000026     ti_sysbios_config.obj (.text:_pthread_cleanup_pop)
                  200232ee    00000026     ti_sysbios_config.obj (.text:_pthread_delete)
                  20023314    00000026     ti_sysbios_config.obj (.text:sem_getvalue)
                  2002333a    00000026     ti_sysbios_config.obj (.text:ti_sysbios_family_arm_m3_Timer_postInit)
                  20023360    00000024     ti_sysbios_config.obj (.text:BIOS_registerRTSLock)
                  20023384    00000024     ti_sysbios_config.obj (.text:BIOS_setThreadType)
                  200233a8    00000024     drivers_cc32xx.a : GPIOCC32XX.oem4 (.text:GPIO_clearInt)
                  200233cc    00000024                      : PowerCC32XX.oem4 (.text:PowerCC32XX_reset)
                  200233f0    00000024     simplelink.a : driver.obj (.text:_SlDrvIsApiInProgress)
                  20023414    00000024                  : driver.obj (.text:_SlDrvStartMeasureTimeout)
                  20023438    00000024     rtsv7M4_T_le_eabi.lib : u_tofs_t2.asm.obj (.text)
                  2002345c    00000024     simplelink.a : wlan.obj (.text:sl_WlanDisconnect)
                  20023480    00000024     rtsv7M4_T_le_eabi.lib : strcspn.c.obj (.text:strcspn)
                  200234a4    00000024     ti_sysbios_config.obj (.text:ti_sysbios_heaps_HeapMem_restore)
                  200234c8    00000024     ti_sysbios_config.obj (.text:ti_sysbios_knl_Queue_dequeue)
                  200234ec    00000024     ti_sysbios_config.obj (.text:ti_sysbios_knl_Semaphore_construct)
                  20023510    00000024     ti_sysbios_config.obj (.text:ti_sysbios_knl_Task_sleepTimeout)
                  20023534    00000022     ti_sysbios_config.obj (.text:SemaphoreP_pend)
                  20023556    00000022     ti_sysbios_config.obj (.text:pthread_attr_setdetachstate)
                  20023578    00000022     ti_sysbios_config.obj (.text:ti_sysbios_family_arm_m3_Timer_getFreq)
                  2002359a    00000022     ti_sysbios_config.obj (.text:ti_sysbios_knl_Task_destruct)
                  200235bc    00000020     ti_sysbios_config.obj (.text:BIOS_removeRTSLock)
                  200235dc    00000020     drivers_cc32xx.a : PowerCC32XX.oem4 (.text:Power_unregisterNotify)
                  200235fc    00000020                      : SPICC32XXDMA.oem4 (.text:getPowerMgrId)
                  2002361c    00000020                      : UARTCC32XXDMA.oem4 (.text:getPowerMgrId)
                  2002363c    00000020     transceiver_cmd.obj (.text:showPowMenu)
                  2002365c    00000020     ti_sysbios_config.obj (.text:ti_sysbios_family_arm_m3_Hwi_delete)
                  2002367c    00000020     ti_sysbios_config.obj (.text:ti_sysbios_family_arm_m3_Timer_stop)
                  2002369c    00000020     ti_sysbios_config.obj (.text:ti_sysbios_gates_GateMutex_construct)
                  200236bc    00000020     ti_sysbios_config.obj (.text:ti_sysbios_knl_Clock_delete)
                  200236dc    00000020     ti_sysbios_config.obj (.text:ti_sysbios_knl_Semaphore_delete)
                  200236fc    00000020     ti_sysbios_config.obj (.text:ti_sysbios_knl_Task_delete)
                  2002371c    00000020     ti_sysbios_config.obj (.text:ti_sysbios_knl_Task_enter)
                  2002373c    00000020     ti_sysbios_config.obj (.text:ti_sysbios_runtime_Error_init)
                  2002375c    0000001e     ti_sysbios_config.obj (.text:HwiP_Params_init)
                  2002377a    0000001e     simplelink.a : driver.obj (.text:_SlDrvObjLockWaitForever)
                  20023798    0000001e                  : driver.obj (.text:_SlDrvObjUnLock)
                  200237b6    0000001e                  : driver.obj (.text:_SlDrvSyncObjSignal)
                  200237d4    0000001e     drivers_cc32xx.a : UDMACC32XX.oem4 (.text:postNotifyFxn)
                  200237f2    0000001e     ti_sysbios_config.obj (.text:pthread_mutex_destroy)
                  20023810    0000001e     rtsv7M4_T_le_eabi.lib : strcat.c.obj (.text:strcat)
                  2002382e    0000001e     sysbios.a : Hwi_asm_switch.obj (.text:ti_sysbios_family_arm_m3_Hwi_switchAndRunFunc)
                  2002384c    0000001e     ti_sysbios_config.obj (.text:ti_sysbios_hal_Seconds_set)
                  2002386a    0000001e     ti_sysbios_config.obj (.text:ti_sysbios_knl_Queue_empty)
                  20023888    0000001e     ti_sysbios_config.obj (.text:ti_sysbios_knl_Queue_remove)
                  200238a6    0000001e     ti_sysbios_config.obj (.text:ti_sysbios_knl_Semaphore_destruct)
                  200238c4    0000001c     ti_sysbios_config.obj (.text:ClockP_Params_init)
                  200238e0    0000001c     drivers_cc32xx.a : GPIO.oem4 (.text:GPIO_setCallback)
                  200238fc    0000001c     uart_term.obj (.text:Message)
                  20023918    0000001c     driverlib.a : pin.obj (.text:PinToPadGet)
                  20023934    0000001c     simplelink.a : device.obj (.text:_SlDeviceGetStartResponseConvert)
                  20023950    0000001c                  : spawn.obj (.text:_SlInternalIsItSpawnThread)
                  2002396c    0000001c     rtsv7M4_T_le_eabi.lib : memccpy.c.obj (.text:memccpy)
                  20023988    0000001c     ti_sysbios_config.obj (.text:pthread_mutexattr_init)
                  200239a4    0000001c     ti_sysbios_config.obj (.text:ti_sysbios_family_arm_m3_Hwi_switchFromBootStack)
                  200239c0    0000001c     ti_sysbios_config.obj (.text:ti_sysbios_knl_Swi_disable)
                  200239dc    0000001c     ti_sysbios_config.obj (.text:ti_sysbios_knl_Task_Params_init)
                  200239f8    0000001c     ti_sysbios_config.obj (.text:ti_sysbios_runtime_System_exit)
                  20023a14    0000001a     cmd_parser.obj (.text:FreePingCmd)
                  20023a2e    0000001a     cmd_parser.obj (.text:FreeRecvCmd)
                  20023a48    0000001a     cmd_parser.obj (.text:FreeSendCmd)
                  20023a62    0000001a     ti_sysbios_config.obj (.text:sem_wait)
                  20023a7c    0000001a     ti_sysbios_config.obj (.text:ti_sysbios_family_arm_m3_Hwi_Params_copy)
                  20023a96    0000001a     sysbios.a : Hwi_asm.obj (.text:ti_sysbios_family_arm_m3_Hwi_pendSV)
                  20023ab0    0000001a     ti_sysbios_config.obj (.text:ti_sysbios_gates_GateMutex_leave)
                  20023aca    0000001a     ti_sysbios_config.obj (.text:ti_sysbios_knl_Task_unblock)
                  20023ae4    00000018     ti_sysbios_config.obj (.text:BIOS_getCpuFreq)
                  20023afc    00000018     drivers_cc32xx.a : PowerCC32XX.oem4 (.text:Power_getTransitionLatency)
                  20023b14    00000018                      : PowerCC32XX.oem4 (.text:Power_idleFunc)
                  20023b2c    00000018     driverlib.a : uart.obj (.text:UARTBusy)
                  20023b44    00000018     drivers_cc32xx.a : UART.oem4 (.text:UART_Params_init)
                  20023b5c    00000018     rtsv7M4_T_le_eabi.lib : args_main.c.obj (.text:_args_main)
                  20023b74    00000018                           : vsnprintf.c.obj (.text:_outc)
                  20023b8c    00000018     uart_term.obj (.text:getch)
                  20023ba4    00000018     uart_term.obj (.text:putch)
                  20023bbc    00000018     rtsv7M4_T_le_eabi.lib : ll_mul_t2.asm.obj (.text)
                  20023bd4    00000018                           : strcmp.c.obj (.text:strcmp)
                  20023bec    00000018     ti_sysbios_config.obj (.text:ti_sysbios_family_arm_m3_Hwi_Params_init)
                  20023c04    00000018     ti_sysbios_config.obj (.text:ti_sysbios_family_arm_m3_Timer_Params_init)
                  20023c1c    00000018     ti_sysbios_config.obj (.text:ti_sysbios_heaps_HeapMem_Params_init)
                  20023c34    00000018     ti_sysbios_config.obj (.text:ti_sysbios_knl_Clock_Instance_finalize)
                  20023c4c    00000018     ti_sysbios_config.obj (.text:ti_sysbios_knl_Clock_Params_init)
                  20023c64    00000018     ti_sysbios_config.obj (.text:ti_sysbios_knl_Clock_enqueueI)
                  20023c7c    00000018     ti_sysbios_config.obj (.text:ti_sysbios_knl_Clock_start)
                  20023c94    00000018     ti_sysbios_config.obj (.text:ti_sysbios_knl_Queue_Instance_init)
                  20023cac    00000018     ti_sysbios_config.obj (.text:ti_sysbios_knl_Semaphore_Instance_finalize)
                  20023cc4    00000018     ti_sysbios_config.obj (.text:ti_sysbios_knl_Semaphore_Params_init)
                  20023cdc    00000018     ti_sysbios_config.obj (.text:ti_sysbios_knl_Swi_Params_init)
                  20023cf4    00000018     ti_sysbios_config.obj (.text:ti_sysbios_knl_Swi_enabled)
                  20023d0c    00000018     ti_sysbios_config.obj (.text:ti_sysbios_knl_Task_disable)
                  20023d24    00000018     ti_sysbios_config.obj (.text:ti_sysbios_runtime_System_init)
                  20023d3c    00000016     ti_sysbios_config.obj (.text:BIOS_exitFunc)
                  20023d52    00000016     driverlib.a : prcm.obj (.text:PRCMHIBRegRead)
                  20023d68    00000016                 : prcm.obj (.text:PRCMHIBRegWrite)
                  20023d7e    00000016     ti_sysbios_config.obj (.text:SemaphoreP_Params_init)
                  20023d94    00000016     simplelink.a : driver.obj (.text:_SlDrvMemZero)
                  20023daa    00000016     ti_sysbios_config.obj (.text:clockFxn)
                  20023dc0    00000016     ti_sysbios_config.obj (.text:sem_post)
                  20023dd6    00000016     rtsv7M4_T_le_eabi.lib : strchr.c.obj (.text:strchr)
                  20023dec    00000016     ti_sysbios_config.obj (.text:ti_sysbios_knl_Clock_tickReconfig)
                  20023e02    00000016     ti_sysbios_config.obj (.text:ti_sysbios_knl_Queue_elemClear)
                  20023e18    00000014     ti_sysbios_config.obj (.text:BIOS_exit)
                  20023e2c    00000014     ti_drivers_config.obj (.text:Board_init)
                  20023e40    00000014     driverlib.a : cpu.obj (.text:CPUcpsid)
                  20023e54    00000014                 : cpu.obj (.text:CPUcpsie)
                  20023e68    00000014     drivers_cc32xx.a : PowerCC32XX.oem4 (.text:PowerCC32XX_getWakeup)
                  20023e7c    00000014                      : PowerCC32XX.oem4 (.text:Power_disablePolicy)
                  20023e90    00000014                      : PowerCC32XX.oem4 (.text:Power_getDependencyCount)
                  20023ea4    00000014                      : SPI.oem4 (.text:SPI_Params_init)
                  20023eb8    00000014     ti_sysbios_config.obj (.text:pthread_attr_setstacksize)
                  20023ecc    00000014     ti_sysbios_config.obj (.text:pthread_mutex_lock)
                  20023ee0    00000014     rtsv7M4_T_le_eabi.lib : strcpy.c.obj (.text:strcpy)
                  20023ef4    00000014                           : strlen.c.obj (.text:strlen)
                  20023f08    00000014     ti_sysbios_config.obj (.text:ti_sysbios_family_arm_m3_Hwi_disable)
                  20023f1c    00000014     ti_sysbios_config.obj (.text:ti_sysbios_knl_ClockSupport_setPeriodMicroSecs)
                  20023f30    00000014     ti_sysbios_config.obj (.text:ti_sysbios_knl_Clock_getTicks)
                  20023f44    00000014     ti_sysbios_config.obj (.text:ti_sysbios_knl_Clock_setTicks)
                  20023f58    00000014     ti_sysbios_config.obj (.text:ti_sysbios_knl_Intrinsics_maxbit)
                  20023f6c    00000014     sysbios.a : TaskSupport_asm.obj (.text:ti_sysbios_knl_TaskSupport_swap)
                  20023f80    00000012     uart_term.obj (.text:ClearTerm)
                  20023f92    00000012     ti_sysbios_config.obj (.text:sem_destroy)
                  20023fa4    00000012     ti_sysbios_config.obj (.text:ti_sysbios_knl_Clock_setPeriod)
                  20023fb6    00000012     ti_sysbios_config.obj (.text:ti_sysbios_knl_Clock_setTimeout)
                  20023fc8    00000012     ti_sysbios_config.obj (.text:ti_sysbios_knl_Queue_construct)
                  20023fda    00000012     ti_sysbios_config.obj (.text:ti_sysbios_knl_Swi_Instance_finalize)
                  20023fec    00000012     rtsv7M4_T_le_eabi.lib : wcslen.c.obj (.text:wcslen)
                  20023ffe    00000002     --HOLE-- [fill = 0]
                  20024000    00000010     ti_sysbios_config.obj (.text:BIOS_start)
                  20024010    00000010     ti_sysbios_config.obj (.text:ClockP_delete)
                  20024020    00000010     ti_sysbios_config.obj (.text:ClockP_setTimeout)
                  20024030    00000010     ti_sysbios_config.obj (.text:HwiP_delete)
                  20024040    00000010     drivers_cc32xx.a : PowerCC32XX.oem4 (.text:Power_enablePolicy)
                  20024050    00000010     ti_sysbios_config.obj (.text:SemaphoreP_delete)
                  20024060    00000010     simplelink.a : driver.obj (.text:_SlDrvDispatchHttpServerEvents)
                  20024070    00000010                  : driver.obj (.text:_SlDrvDispatchNetAppRequestEvents)
                  20024080    00000010                  : driver.obj (.text:_SlDrvIsSpawnOwnGlobalLock)
                  20024090    00000010     ti_sysbios_config.obj (.text:acquireMutex)
                  200240a0    00000010     ti_drivers_config.obj (.text:dmaErrorFxn)
                  200240b0    00000010     ti_sysbios_config.obj (.text:pthread_self)
                  200240c0    00000010     ti_sysbios_config.obj (.text:ti_sysbios_family_arm_m3_Hwi_doSwiRestore)
                  200240d0    00000010     ti_sysbios_config.obj (.text:ti_sysbios_family_arm_m3_Hwi_restore)
                  200240e0    00000010     ti_sysbios_config.obj (.text:ti_sysbios_family_arm_m3_TimestampProvider_init)
                  200240f0    00000010     ti_sysbios_config.obj (.text:ti_sysbios_heaps_HeapMem_init)
                  20024100    00000010     ti_sysbios_config.obj (.text:ti_sysbios_knl_ClockSupport_getMaxTicks)
                  20024110    00000010     ti_sysbios_config.obj (.text:ti_sysbios_knl_ClockSupport_start)
                  20024120    00000010     ti_sysbios_config.obj (.text:ti_sysbios_knl_ClockSupport_stop)
                  20024130    00000010     ti_sysbios_config.obj (.text:ti_sysbios_knl_Clock_stop)
                  20024140    00000010     sysbios.a : TaskSupport_asm.obj (.text:ti_sysbios_knl_TaskSupport_glue)
                  20024150    0000000e     simplelink.a : driver.obj (.text:_SlDrvResetCmdExt)
                  2002415e    0000000e     rtsv7M4_T_le_eabi.lib : copy_decompress_none.c.obj (.text:decompress:none:__TI_decompress_none)
                  2002416c    0000000e     drivers_cc32xx.a : SPICC32XXDMA.oem4 (.text:postNotifyFxn)
                  2002417a    0000000e     simplelink.a : cc_pal.obj (.text:spi_Close)
                  20024188    0000000e     ti_sysbios_config.obj (.text:ti_sysbios_family_arm_m3_Hwi_destruct)
                  20024196    0000000e     ti_sysbios_config.obj (.text:ti_sysbios_family_arm_m3_Hwi_doTaskRestore)
                  200241a4    0000000e     ti_sysbios_config.obj (.text:ti_sysbios_knl_Queue_head)
                  200241b2    0000000e     ti_sysbios_config.obj (.text:ti_sysbios_knl_Queue_next)
                  200241c0    0000000e     ti_sysbios_config.obj (.text:ti_sysbios_knl_Queue_prev)
                  200241ce    0000000e     ti_sysbios_config.obj (.text:ti_sysbios_knl_Semaphore_getCount)
                  200241dc    0000000e     ti_sysbios_config.obj (.text:ti_sysbios_knl_Swi_postInit)
                  200241ea    0000000e     ti_sysbios_config.obj (.text:ti_sysbios_knl_Task_getArg1)
                  200241f8    0000000e     ti_sysbios_config.obj (.text:ti_sysbios_knl_Task_getEnv)
                  20024206    00000002     --HOLE-- [fill = 0]
                  20024208    0000000c     ti_sysbios_config.obj (.text:BIOS_getThreadType)
                  20024214    0000000c     ti_sysbios_config.obj (.text:BIOS_linkedWithIncorrectBootLibrary)
                  20024220    0000000c     driverlib.a : cpu.obj (.text:CPUwfi)
                  2002422c    0000000c     ti_sysbios_config.obj (.text:ClockP_getCpuFreq)
                  20024238    0000000c     ti_sysbios_config.obj (.text:ClockP_getSystemTickPeriod)
                  20024244    0000000c     ti_sysbios_config.obj (.text:ClockP_start)
                  20024250    0000000c     ti_sysbios_config.obj (.text:ClockP_stop)
                  2002425c    0000000c     ti_sysbios_config.obj (.text:HwiP_clearInterrupt)
                  20024268    0000000c     ti_sysbios_config.obj (.text:HwiP_disable)
                  20024274    0000000c     ti_sysbios_config.obj (.text:HwiP_disableInterrupt)
                  20024280    0000000c     ti_sysbios_config.obj (.text:HwiP_enableInterrupt)
                  2002428c    0000000c     ti_sysbios_config.obj (.text:HwiP_restore)
                  20024298    0000000c     simplelink.a : cc_pal.obj (.text:NwpMaskInterrupt)
                  200242a4    0000000c                  : cc_pal.obj (.text:NwpUnMaskInterrupt)
                  200242b0    0000000c     drivers_cc32xx.a : PowerCC32XX.oem4 (.text:Power_getConstraintMask)
                  200242bc    0000000c     ti_sysbios_config.obj (.text:SemaphoreP_post)
                  200242c8    0000000c     network_terminal.obj (.text:SimpleLinkHttpServerEventHandler)
                  200242d4    0000000c     network_terminal.obj (.text:SimpleLinkNetAppRequestEventHandler)
                  200242e0    0000000c     simplelink.a : device.obj (.text:_SlDeviceResetRequestInitCompletedCB)
                  200242ec    0000000c     rtsv7M4_T_le_eabi.lib : _lock.c.obj (.text:_register_lock)
                  200242f8    0000000c                           : _lock.c.obj (.text:_register_unlock)
                  20024304    0000000c     network_terminal.obj (.text:cmdClearcallback)
                  20024310    0000000c     rtsv7M4_T_le_eabi.lib : s_copysign.c.obj (.text:copysign)
                  2002431c    0000000c                           : copy_zero_init.c.obj (.text:decompress:ZI:__TI_zero_init)
                  20024328    0000000c     ti_sysbios_config.obj (.text:malloc)
                  20024334    0000000c     drivers_cc32xx.a : UARTCC32XXDMA.oem4 (.text:postNotifyFxn)
                  20024340    0000000c     ti_sysbios_config.obj (.text:ti_sysbios_family_arm_m3_Hwi_enable)
                  2002434c    0000000c     ti_sysbios_config.obj (.text:ti_sysbios_family_arm_m3_Hwi_swiRestore)
                  20024358    0000000c     ti_sysbios_config.obj (.text:ti_sysbios_family_arm_m3_Timer_getMaxTicks)
                  20024364    0000000c     ti_sysbios_config.obj (.text:ti_sysbios_gates_GateMutex_handle)
                  20024370    0000000c     ti_sysbios_config.obj (.text:ti_sysbios_knl_Clock_destruct)
                  2002437c    0000000c     ti_sysbios_config.obj (.text:ti_sysbios_knl_Clock_handle)
                  20024388    0000000c     ti_sysbios_config.obj (.text:ti_sysbios_knl_Clock_removeI)
                  20024394    0000000c     ti_sysbios_config.obj (.text:ti_sysbios_knl_Idle_loop)
                  200243a0    0000000c     ti_sysbios_config.obj (.text:ti_sysbios_knl_Queue_destruct)
                  200243ac    0000000c     ti_sysbios_config.obj (.text:ti_sysbios_knl_Queue_handle)
                  200243b8    0000000c     ti_sysbios_config.obj (.text:ti_sysbios_knl_Queue_struct)
                  200243c4    0000000c     ti_sysbios_config.obj (.text:ti_sysbios_knl_Semaphore_handle)
                  200243d0    0000000c     ti_sysbios_config.obj (.text:ti_sysbios_knl_Swi_self)
                  200243dc    0000000c     ti_sysbios_config.obj (.text:ti_sysbios_knl_Task_self)
                  200243e8    0000000c     ti_sysbios_config.obj (.text:ti_sysbios_runtime_Error_check)
                  200243f4    0000000c     ti_sysbios_config.obj (.text:ti_sysbios_runtime_SystemSupport_exit)
                  20024400    0000000c     ti_sysbios_config.obj (.text:ti_sysbios_runtime_Types_uargToPtr)
                  2002440c    0000000c     driverlib.a : udma.obj (.text:uDMAErrorStatusClear)
                  20024418    0000000c                 : udma.obj (.text:uDMAErrorStatusGet)
                  20024424    0000000c     ti_sysbios_config.obj (.text:xdc_uargToPtr)
                  20024430    0000000a     drivers_cc32xx.a : SPI.oem4 (.text:SPI_close)
                  2002443a    0000000a                      : SPI.oem4 (.text:SPI_transfer)
                  20024444    0000000a     network_terminal.obj (.text:SimpleLinkNetAppRequestMemFreeEventHandler)
                  2002444e    0000000a     network_terminal.obj (.text:SimpleLinkSockEventHandler)
                  20024458    0000000a     drivers_cc32xx.a : UART.oem4 (.text:UART_control)
                  20024462    0000000a                      : UART.oem4 (.text:UART_readPolling)
                  2002446c    0000000a                      : UART.oem4 (.text:UART_writePolling)
                  20024476    0000000a     simplelink.a : device.obj (.text:sl_Task)
                  20024480    0000000a     ti_sysbios_config.obj (.text:ti_sysbios_heaps_HeapMem_isBlocking)
                  2002448a    0000000a     ti_sysbios_config.obj (.text:ti_sysbios_knl_Swi_startup)
                  20024494    0000000a     ti_sysbios_config.obj (.text:ti_sysbios_runtime_SysCallback_defaultExit)
                  2002449e    00000008     ti_sysbios_config.obj (.text:ClockP_getSystemTicks)
                  200244a6    00000008     driverlib.a : prcm.obj (.text:PRCMSleepEnter)
                  200244ae    00000008     simplelink.a : cc_pal.obj (.text:TimerGetCurrentTimestamp)
                  200244b6    00000002     --HOLE-- [fill = 0]
                  200244b8    00000008     rtsv7M4_T_le_eabi.lib : errno.c.obj (.text:__aeabi_errno_addr)
                  200244c0    00000008     drivers_cc32xx.a : SPICC32XXDMA.oem4 (.text:blockingTransferCallback)
                  200244c8    00000008                      : UARTCC32XXDMA.oem4 (.text:readSemCallback)
                  200244d0    00000008     ti_sysbios_config.obj (.text:ti_sysbios_family_arm_m3_Hwi_startup)
                  200244d8    00000008     ti_sysbios_config.obj (.text:ti_sysbios_family_arm_m3_Hwi_swiDisable)
                  200244e0    00000008     ti_sysbios_config.obj (.text:ti_sysbios_knl_Clock_getTicksUntilTimeout)
                  200244e8    00000008     ti_sysbios_config.obj (.text:ti_sysbios_knl_Clock_tickStart)
                  200244f0    00000008     ti_sysbios_config.obj (.text:ti_sysbios_knl_Clock_tickStop)
                  200244f8    00000008     ti_sysbios_config.obj (.text:ti_sysbios_runtime_SystemSupport_init)
[...]
20032934  Txtask_tx2_optionDetailsStr                                     
20032938  Txtask_tx3_optionDetailsStr                                     
2003293c  Txtask_t_optionDetailsStr                                       
20032940  Txtask_c_optionDetailsStr                                       
20032944  Txtask_m_optionDetailsStr                                       
20032948  Txtask_m1_optionDetailsStr                                      
2003294c  Txtask_m2_optionDetailsStr                                      
20032950  Txtask_m3_optionDetailsStr                                      
20032954  Txtask_m4_optionDetailsStr                                      
20032958  Txtask_m5_optionDetailsStr                                      
2003295c  Txtask_m6_optionDetailsStr                                      
20032960  Txtask_m7_optionDetailsStr                                      
20032964  Txtask_m8_optionDetailsStr                                      
20032968  Txtask_m9_optionDetailsStr                                      
2003296c  Txtask_m10_optionDetailsStr                                     
20032970  Txtask_m11_optionDetailsStr                                     
20032974  Txtask_m12_optionDetailsStr                                     
20032978  Txtask_m13_optionDetailsStr                                     
2003297c  Txtask_m14_optionDetailsStr                                     
20032980  Txtask_m15_optionDetailsStr                                     
20032984  Txtask_m16_optionDetailsStr                                     
20032988  Txtask_m17_optionDetailsStr                                     
2003298c  Txtask_m18_optionDetailsStr                                     
20032990  Txtask_m19_optionDetailsStr                                     
20032994  Txtask_m20_optionDetailsStr                                     
20032998  Txtask_m21_optionDetailsStr                                     
2003299c  Txtask_txp_optionDetailsStr                                     
200329a0  Txtask_txp0_optionDetailsStr                                    
200329a4  Txtask_p_optionDetailsStr                                       
200329a8  Txtask_p0_optionDetailsStr                                      
200329ac  Txtask_p1_optionDetailsStr                                      
200329b0  Txtask_p2_optionDetailsStr                                      
200329b4  Txtask_p3_optionDetailsStr                                      
200329b8  Txtask_p4_optionDetailsStr                                      
200329bc  Txtask_tone_optionDetailsStr                                    
200329c0  Txtask_d_optionDetailsStr                                       
200329c4  Txtask_dp_optionDetailsStr                                      
200329c8  Txtask_dp0_optionDetailsStr                                     
200329cc  Txtask_dp1_optionDetailsStr                                     
200329d0  Txtask_dp2_optionDetailsStr                                     
200329d4  Txtask_dp3_optionDetailsStr                                     
200329d8  Txtask_cca_optionDetailsStr                                     
200329dc  Txtask_s_optionDetailsStr                                       
200329e0  Txtask_a_optionDetailsStr                                       
200329e4  cca_th_optionDetailStr                                          
200329e8  cca_th1_optionDetailStr                                         
200329ec  cca_th2_optionDetailStr                                         
200329f0  cca_th3_optionDetailStr                                         
200329f4  cca_th4_optionDetailStr                                         
200329f8  cca_th5_optionDetailStr                                         
200329fc  cca_th6_optionDetailStr                                         
20032a00  RxtaskDetailsStr                                                
20032a04  Rxtask_c_optionDetailsStr                                       
20032a08  Rxtask_d_optionDetailsStr                                       
20032a0c  Rxtask_s_optionDetailsStr                                       
20032a10  p2pStartDetailsStr                                              
20032a14  p2pStopDetailsStr                                               
20032a18  SoftRoamingEnableDetailsStr                                     
20032a1c  SoftRoamingEnable_r_optionDetailsStr                            
20032a20  SoftRoamingEnable_Note_optionDetailsStr                         
20032a24  SoftRoamingDisableDetailsStr                                    
20032a28  AntSelectionEnableDetailsStr                                    
20032a2c  AntSelectionEnable_Note_optionDetailsStr                        
20032a30  AntSelectionDisableDetailsStr                                   
20032a34  CoexEnableDetailsStr                                            
20032a38  CoexEnable_Note_optionDetailsStr                                
20032a3c  CoexDisableDetailsStr                                           
20032a40  CountryCodeDetailsStr                                           
20032a44  CountryCode_g_optionDetailsStr                                  
20032a48  CountryCode_Note_optionDetailsStr                               
20032a4c  wlanAddProfileDetailsStr                                        
20032a50  wlanProfile_mac_optionDetailsStr                                
20032a54  wlanProfile_pr_optionDetailsStr                                 
20032a58  wlanGetProfileDetailsStr                                        
20032a5c  wlanProfile_i_optionDetailsStr                                  
20032a60  TriggeredRoamingEnableDetailsStr                                
20032a64  TriggeredRoaming_r_optionDetailsStr                             
20032a68  TriggeredRoamingDisableDetailsStr                               
20032a6c  APTransitionEnableDetailsStr                                    
20032a70  APTransitionDisableDetailsStr                                   
20032a74  gCmdList                                                        
20032c18  PowerCC32XX_module                                              
20032d84  parkInfo                                                        
20032e7c  ap_start_UsageStr                                               
20032f5c  wlanConnectUsageStr                                             
20032ff3  createFilterUsageStr                                            
20033080  addProfileUsageStr                                              
20033109  mDNSAdvertiseUsageStr                                           
20033190  gpioPinConfigs                                                  
20033214  setPolicyUsageStr                                               
20033297  send_c_optionDetailsStr                                         
20033311  pingUsageStr                                                    
20033381  V_optionStr                                                     
20033384  ti_sysbios_knl_Clock_Module_state                               
200333ec  recv_Note_optionDetailsStr                                      
2003344a  sendUsage1Str                                                   
200334a7  mDNSdQueryUsageStr                                              
200334fe  sendUsage2Str                                                   
2003354c  enableWoWLANUsageStr                                            
20033594  DataFrames_str                                                  
200335d4  radiotoolDetailsStr                                             
20033610  ti_sysbios_family_arm_m3_Hwi_Module_state                       
2003364c  ti_sysbios_knl_Task_Module_state                                
20033688  send_p_optionDetailsStr                                         
200336c3  send_nb_optionDetailsStr                                        
200336fc  send_n_optionDetailsStr                                         
20033734  send_n_r_optionDetailsStr                                       
2003376c  MangmentFrames_str                                              
2003379c  scanUsageStr                                                    
200337c9  a_optionStr                                                     
200337cc  BIOS_Module_state                                               
200337f8  ti_sysbios_knl_Swi_Module_state                                 
20033820  SetCountryCodeUsageStr                                          
20033844  g_LibsEvents                                                    
20033868  g_UserEvents                                                    
2003388c  send_6_optionDetailsStr                                         
200338ae  TriggeredRoamingEnableUsageStr                                  
200338e9  ti_sysbios_knl_Idle_initDone                                    
200338ec  ti_sysbios_runtime_Memory_defaultHeapInstance                   
200338f0  ti_sysbios_runtime_Startup_done                                 
200338f1  c_optionStr                                                     
200338f4  CtrlFrames_str                                                  
20033914  send_u_optionDetailsStr                                         
20033934  SoftRoamingEnableUsageStr                                       
20033952  getProfileUsageStr                                              
2003396d  send_s_optionDetailsStr                                         
20033988  Template_Hdr                                                    
200339a2  APTransitionDisablecmdStr                                       
200339b6  AntSelectionDisablecmdStr                                       
200339e0  ti_sysbios_family_arm_m3_Timer_Module_state                     
200339f4  APTransitionEnablecmdStr                                        
20033a07  AntSelectionEnablecmdStr                                        
20033a1a  ConnectedStationsStr                                            
20033a2d  SoftRoamingDisablecmdStr                                        
20033a40  TriggeredRoamingDisablecmdStr                                   
20033a53  helpUsageStr                                                    
20033a66  SoftRoamingEnablecmdStr                                         
20033a78  TriggeredRoamingEnablecmdStr                                    
20033a8a  radiotool_PromptStr                                             
20033a9c  DataFrames                                                      
20033abc  wlanDisconnectStr                                               
20033acb  FRAME_SUBTYPE_str                                               
20033ad9  ap_start_str                                                    
20033ae7  disableFilterStr                                                
20033af5  mDNSAdvertiseStr                                                
20033b03  ap_stop_str                                                     
20033b10  createFilterStr                                                 
20033b1d  deleteFilterStr                                                 
20033b2a  enableFilterStr                                                 
20033b37  enableWoWLANStr                                                 
20033b44  AntSelectionEnableUsageStr                                      
20033b50  CoexDisablecmdStr                                               
20033b5c  CoexEnableUsageStr                                              
20033b68  ConnectedStationsUsageStr                                       
20033b74  MgmtFrames                                                      
20033b80  SetCountryCodeStr                                               
20033b8c  ap_stop_UsageStr                                                
20033ba4  gGlobalLockCntRequested                                         
20033ba5  gGlobalLockCntReleased                                          
20033ba6  g_SlDeviceStatus                                                
20033ba8  g_pCB                                                           
20033bac  pPingCallBackFunc                                               
20033bb0  ti_sysbios_runtime_Error_ignore                                 
20033bbc  ti_sysbios_runtime_System_Module_state                          
20033bc8  wlanConnectStr                                                  
20033bd4  wlanDisconnectUsageStr                                          
20033be0  AddProfileStr                                                   
20033beb  CoexEnablecmdStr                                                
20033bf6  FRAME_TYPE_str                                                  
20033c01  GetProfileStr                                                   
20033c0c  usageStr                                                        
20033c17  APTransitionDisableUsageStr                                     
20033c21  APTransitionEnableUsageStr                                      
20033c2b  AntSelectionDisableUsageStr                                     
20033c35  CoexDisableUsageStr                                             
20033c3f  SoftRoamingDisableUsageStr                                      
20033c49  TriggeredRoamingDisableUsageStr                                 
20033c53  WPA2_PLUS_str                                                   
20033c5d  mDNSQueryStr                                                    
20033c67  radiotool_Str                                                   
20033c71  setPolicyStr                                                    
20033c7b  WPAWPA2_str                                                     
20033c84  p2pStartcmdStr                                                  
20033c8d  d_optionStr                                                     
20033c90  _lock                                                           
20033c94  _unlock                                                         
20033c98  CtrlFrames                                                      
20033ca0  PATTERN_str                                                     
20033cb0  gMaxCmd                                                         
20033cb4  gSpawn_thread                                                   
20033cb8  p2pStopcmdStr                                                   
20033cc0  ti_sysbios_gates_GateMutex_Module_state                         
20033cc8  ti_sysbios_heaps_HeapMem_Module_state                           
20033cd0  ti_sysbios_knl_Semaphore_Module_state                           
20033cd8  BSSID_str                                                       
20033cde  DESTINATION_MAC_str                                             
20033ce4  SOURCE_MAC_str                                                  
20033cea  clearStr                                                        
20033cf0  cmdPromptStr                                                    
20033cf6  help_optionStr                                                  
20033cfc  D_IP_str                                                        
20033d01  OPEN_str                                                        
20033d06  S_IP_str                                                        
20033d0b  WPA2_str                                                        
20033d10  WPA3_str                                                        
20033d15  dns_optionStr                                                   
20033d1a  ent_optionStr                                                   
20033d1f  helpStr                                                         
20033d24  mac_optionStr                                                   
20033d29  pingStr                                                         
20033d2e  recvStr                                                         
20033d33  scanStr                                                         
20033d38  sendStr                                                         
20033d3d  ttl_optionStr                                                   
20033d42  txpow_optionStr                                                 
20033d47  WEP_str                                                         
20033d4b  WPA_str                                                         
20033d4f  WPS_str                                                         
20033d53  ext_optionStr                                                   
20033d57  gw_optionStr                                                    
20033d5b  ip_optionStr                                                    
20033d5f  nb_optionStr                                                    
20033d63  priority_optionStr                                              
20033d68  errno                                                           
20033d6c  main_func_sp                                                    
20033d74  g_intHandle                                                     
20033d78  so_optionStr                                                    
20033d7c  st_optionStr                                                    
20033d80  e_optionStr                                                     
20033d83  f_optionStr                                                     
20033d86  g_optionStr                                                     
20033d89  h_optionStr                                                     
20033d8c  i_optionStr                                                     
20033d8f  l_optionStr                                                     
20033d92  lineBreak                                                       
20033d95  m_optionStr                                                     
20033d98  n_optionStr                                                     
20033d9b  o_optionStr                                                     
20033d9e  p_optionStr                                                     
20033da1  r_optionStr                                                     
20033da4  s_optionStr                                                     
20033da7  t_optionStr                                                     
20033daa  u_optionStr                                                     
20033dad  v_optionStr                                                     
20033db0  space_str                                                       
20033db2  gSaveCursorPosition                                             
20033db3  gStackFull                                                      
20033db8  __TI_static_base__                                              
200349fc  __TI_Handler_Table_Base                                         
20034a08  __TI_Handler_Table_Limit                                        
20034a18  __TI_CINIT_Base                                                 
20034a30  __TI_CINIT_Limit                                                
ffffffff  __TI_pprof_out_hndl                                             
ffffffff  __TI_prof_data_size                                             
ffffffff  __TI_prof_data_start                                            
ffffffff  __binit__                                                       
ffffffff  __c_args__                                                      
ffffffff  binit                                                           
UNDEFED   ITM_flush                                                       
UNDEFED   ITM_restore                                                     
UNDEFED   SHT$$INIT_ARRAY$$Base                                           
UNDEFED   SHT$$INIT_ARRAY$$Limit                                          

[1193 symbols]
